<?xml version="1.0" encoding="utf-8"?><testsuites><testsuite name="pytest" errors="0" failures="2" skipped="1" tests="277" time="179.230" timestamp="2026-08-01T00:16:06.903968" hostname="m1sanbouli"><testcase classname="tests.test_access_notifications" name="test_session_opaque_csrf_et_invalidation" time="2.146" /><testcase classname="tests.test_access_notifications" name="test_allowlist_et_limitation_des_tentatives" time="3.932" /><testcase classname="tests.test_access_notifications" name="test_notification_asynchrone_et_deduplication" time="0.016" /><testcase classname="tests.test_access_notifications" name="test_destinataires_concurrents_ne_secrasent_pas" time="0.003" /><testcase classname="tests.test_access_notifications" name="test_envoi_sans_destinataire_ne_leve_pas" time="0.004" /><testcase classname="tests.test_access_notifications" name="test_echec_smtp_est_traduit_en_cause_actionnable" time="0.003" /><testcase classname="tests.test_access_notifications" name="test_alerte_critique_sans_destinataire_laisse_une_trace" time="0.106" /><testcase classname="tests.test_access_notifications" name="test_le_corps_d_alerte_est_redige_en_francais" time="0.004" /><testcase classname="tests.test_agents_judge" name="test_agent_fonctionne_sans_cle_api" time="6.185" /><testcase classname="tests.test_agents_judge" name="test_agent_ouvre_un_coupe_circuit_apres_echec_llm" time="0.773" /><testcase classname="tests.test_agents_judge" name="test_decision_bien_formee" time="0.183" /><testcase classname="tests.test_agents_judge" name="test_decision_cite_des_valeurs_verifiables" time="0.001" /><testcase classname="tests.test_agents_judge" name="test_confiance_baisse_quand_les_preuves_faiblissent" time="0.536" /><testcase classname="tests.test_agents_judge" name="test_un_seul_bareme_de_confiance_existe" time="0.533" /><testcase classname="tests.test_agents_judge" name="test_un_defaut_de_mesure_ne_domine_jamais_un_diagnostic_equipement" time="0.664" /><testcase classname="tests.test_agents_judge" name="test_la_tache_preventive_citee_est_la_plus_frequente" time="0.003" /><testcase classname="tests.test_agents_judge" name="test_action_avec_arret_mentionne_la_consignation" time="0.634" /><testcase classname="tests.test_agents_judge" name="test_judge_valide_une_decision_saine" time="0.002" /><testcase classname="tests.test_agents_judge" name="test_judge_recalcule_les_faits_lui_meme" time="0.002" /><testcase classname="tests.test_agents_judge" name="test_judge_est_reproductible" time="0.002" /><testcase classname="tests.test_agents_judge" name="test_poids_des_controles_somment_a_un" time="0.002" /><testcase classname="tests.test_agents_judge" name="test_judge_detecte_une_valeur_inventee" time="0.003" /><testcase classname="tests.test_agents_judge" name="test_judge_detecte_un_angle_mort_revendique" time="0.003" /><testcase classname="tests.test_agents_judge" name="test_judge_detecte_un_mode_inexistant" time="0.003" /><testcase classname="tests.test_agents_judge" name="test_une_action_en_marche_conforme_a_sa_tache_n_est_pas_sanctionnee" time="0.171" /><testcase classname="tests.test_agents_judge" name="test_les_modes_de_performance_viennent_du_referentiel" time="0.002" /><testcase classname="tests.test_agents_judge" name="test_judge_detecte_une_action_dangereuse" time="0.003" /><testcase classname="tests.test_agents_judge" name="test_judge_detecte_une_action_sous_dimensionnee" time="0.003" /><testcase classname="tests.test_agents_judge" name="test_judge_detecte_la_sur_confiance" time="0.001" /><testcase classname="tests.test_agents_judge" name="test_aucune_decision_native_ne_declenche_la_sur_confiance" time="0.737" /><testcase classname="tests.test_agents_judge" name="test_judge_detecte_un_etat_de_marche_errone" time="0.004" /><testcase classname="tests.test_agents_judge" name="test_judge_detecte_un_diagnostic_sans_chiffres" time="0.004" /><testcase classname="tests.test_agents_judge" name="test_judge_detecte_une_severite_sous_estimee" time="0.002" /><testcase classname="tests.test_agents_judge" name="test_la_note_ne_peut_pas_etre_compensee" time="0.003" /><testcase classname="tests.test_agents_judge" name="test_banc_devaluation_du_judge" time="0.410" /><testcase classname="tests.test_agents_judge" name="test_chaque_type_de_faute_est_couvert" time="0.326" /><testcase classname="tests.test_agents_judge" name="test_auto_surveillance_du_judge" time="0.374" /><testcase classname="tests.test_agents_judge" name="test_le_banc_ne_pollue_pas_l_auto_surveillance" time="0.468" /><testcase classname="tests.test_agents_judge" name="test_l_auto_surveillance_reprend_apres_le_banc" time="0.002" /><testcase classname="tests.test_agents_judge" name="test_les_mutations_non_ciblees_mesurent_la_generalisation" time="0.295" /><testcase classname="tests.test_agents_judge" name="test_aucune_mutation_non_ciblee_ne_vise_un_controle" time="0.758" /><testcase classname="tests.test_agents_judge" name="test_le_banc_declare_sa_nature_de_test_de_regression" time="0.219" /><testcase classname="tests.test_alarm_store" name="test_cycle_de_vie_persistant" time="0.092" /><testcase classname="tests.test_alarm_store" name="test_shelving_et_validation_des_transitions" time="0.049" /><testcase classname="tests.test_alarm_store" name="test_deux_alarmes_independantes_et_retour_cible" time="0.044" /><testcase classname="tests.test_alarm_store" name="test_shelved_ne_revient_pas_silencieusement_a_la_normale" time="0.045" /><testcase classname="tests.test_alarm_store" name="test_repetition_reactivation_cloture_et_idempotence" time="0.048" /><testcase classname="tests.test_alarm_store" name="test_analyse_normale_sans_cle_ne_resout_rien" time="0.069" /><testcase classname="tests.test_alarm_store" name="test_observations_concurrentes_restent_atomiques" time="0.082" /><testcase classname="tests.test_api" name="test_sante" time="8.364" /><testcase classname="tests.test_api" name="test_dashboard_servi" time="0.010" /><testcase classname="tests.test_api" name="test_entetes_de_securite_du_dashboard" time="0.008" /><testcase classname="tests.test_api" name="test_actifs_servis_et_actifs_supprimes" time="0.131" /><testcase classname="tests.test_api" name="test_acces_local_et_notifications_desactivees" time="0.011"><failure message="AssertionError">tests\test_api.py:147: in test_acces_local_et_notifications_desactivees
    assert status.json()["enabled"] is False
E   AssertionError</failure></testcase><testcase classname="tests.test_api" name="test_acces_protege_session_et_csrf" time="1.441" /><testcase classname="tests.test_api" name="test_role_lecture_ne_peut_pas_piloter_le_rejeu" time="1.486" /><testcase classname="tests.test_api" name="test_gouvernance_declare_les_angles_morts" time="0.015" /><testcase classname="tests.test_api" name="test_validation_scientifique_exposee" time="8.360" /><testcase classname="tests.test_api" name="test_fiche_equipement" time="0.012" /><testcase classname="tests.test_api" name="test_workflow_inspection_executable_et_trace" time="0.217" /><testcase classname="tests.test_api" name="test_series_temporelles" time="0.055" /><testcase classname="tests.test_api" name="test_series_filtrees_par_periode" time="0.819" /><testcase classname="tests.test_api" name="test_series_refusent_les_bornes_invalides" time="0.051" /><testcase classname="tests.test_api" name="test_sante_capteurs" time="0.011" /><testcase classname="tests.test_api" name="test_episodes_tries" time="0.787" /><testcase classname="tests.test_api" name="test_analyse_dun_instant" time="1.617" /><testcase classname="tests.test_api" name="test_instant_inconnu_renvoie_404" time="0.010" /><testcase classname="tests.test_api" name="test_instants_notables" time="0.510" /><testcase classname="tests.test_api" name="test_cycle_de_rejeu" time="3.065" /><testcase classname="tests.test_api" name="test_changement_de_vitesse" time="0.059" /><testcase classname="tests.test_api" name="test_vitesse_invalide_refusee" time="0.015" /><testcase classname="tests.test_api" name="test_debut_de_rejeu_hors_periode_refuse" time="0.011" /><testcase classname="tests.test_api" name="test_arret_reste_immediat_a_basse_vitesse" time="0.034" /><testcase classname="tests.test_api" name="test_audit_du_judge" time="0.303" /><testcase classname="tests.test_api" name="test_evaluation_du_judge" time="0.348" /><testcase classname="tests.test_api" name="test_topologie_exposee" time="0.009" /><testcase classname="tests.test_api" name="test_fiche_capteur_complete" time="0.022" /><testcase classname="tests.test_api" name="test_fiche_capteur_degrade_reste_consultable" time="0.030" /><testcase classname="tests.test_api" name="test_fiche_capteur_inconnu" time="0.007" /><testcase classname="tests.test_api" name="test_indicateurs_sans_montant" time="0.174" /><testcase classname="tests.test_api" name="test_le_taux_horaire_de_signalement_est_publie" time="0.163" /><testcase classname="tests.test_api" name="test_la_couverture_du_risque_est_publiee" time="0.011" /><testcase classname="tests.test_api" name="test_la_sensibilite_aux_parametres_arbitraires_est_publiee" time="9.312" /><testcase classname="tests.test_api" name="test_le_banc_d_encrassement_est_expose" time="0.219" /><testcase classname="tests.test_api" name="test_le_banc_refuse_une_severite_physiquement_impossible" time="0.018" /><testcase classname="tests.test_api" name="test_endpoints_economiques_retires" time="0.015" /><testcase classname="tests.test_api" name="test_l_email_de_session_devient_destinataire_des_alertes" time="1.559" /><testcase classname="tests.test_api" name="test_un_mauvais_mot_de_passe_n_ajoute_aucun_destinataire" time="1.535" /><testcase classname="tests.test_api" name="test_le_canal_explique_pourquoi_il_est_inactif" time="0.070" /><testcase classname="tests.test_documentation" name="test_aucun_endpoint_documente_n_a_disparu_de_l_api" time="0.062" /><testcase classname="tests.test_documentation" name="test_aucun_test_cite_par_la_documentation_n_est_absent" time="0.027" /><testcase classname="tests.test_documentation" name="test_aucun_script_ni_cible_make_documente_n_est_absent" time="0.014" /><testcase classname="tests.test_documentation" name="test_aucun_montant_n_est_presente_comme_un_resultat" time="0.031" /><testcase classname="tests.test_domain" name="test_equipement_correspond_a_la_fiche_ocp" time="0.002" /><testcase classname="tests.test_domain" name="test_chaque_tag_declare_sur_quoi_repose_son_sens" time="0.002" /><testcase classname="tests.test_domain" name="test_les_tags_du_perimetre_reposent_sur_la_physique" time="0.001" /><testcase classname="tests.test_domain" name="test_la_base_de_determination_est_publiee" time="0.001" /><testcase classname="tests.test_domain" name="test_la_temperature_d_eau_de_mer_est_declaree_comme_entree_externe" time="0.001" /><testcase classname="tests.test_domain" name="test_alias_uniques" time="0.001" /><testcase classname="tests.test_domain" name="test_seuils_ordonnes" time="0.001" /><testcase classname="tests.test_domain" name="test_plage_operationnelle_incluse_dans_plage_physique" time="0.002" /><testcase classname="tests.test_domain" name="test_criticite_amdec_est_le_produit_fgn" time="0.002" /><testcase classname="tests.test_domain" name="test_cotations_dans_les_baremes" time="0.002" /><testcase classname="tests.test_domain" name="test_taches_preventives_referencees_existent" time="0.001" /><testcase classname="tests.test_domain" name="test_angles_morts_declares" time="0.001" /><testcase classname="tests.test_domain" name="test_capteurs_degrades_exclus_du_modele" time="0.001" /><testcase classname="tests.test_domain" name="test_modes_observables_ont_des_indicateurs" time="0.002" /><testcase classname="tests.test_domain" name="test_briefings_non_vides" time="0.002" /><testcase classname="tests.test_domain" name="test_provenance_amdec_source_et_enrichissements_separes" time="0.001" /><testcase classname="tests.test_domain" name="test_cotations_officielles_conservent_les_valeurs_originales" time="0.001" /><testcase classname="tests.test_domain" name="test_tag_inconnu_leve_une_erreur" time="0.001" /><testcase classname="tests.test_features_detector" name="test_toutes_les_features_modele_presentes" time="3.892" /><testcase classname="tests.test_features_detector" name="test_delta_t_positif_en_marche" time="0.006" /><testcase classname="tests.test_features_detector" name="test_features_de_performance_nulles_a_larret" time="0.006" /><testcase classname="tests.test_features_detector" name="test_duty_croit_avec_le_debit" time="0.021" /><testcase classname="tests.test_features_detector" name="test_rho_cp_varie_peu_car_les_deux_effets_se_compensent" time="0.002" /><testcase classname="tests.test_features_detector" name="test_reference_effort_ajustee" time="0.001" /><testcase classname="tests.test_features_detector" name="test_reference_entree_ajustee" time="0.001" /><testcase classname="tests.test_features_detector" name="test_effort_de_regulation_est_redondant_et_le_declare" time="0.020" /><testcase classname="tests.test_features_detector" name="test_residu_d_entree_est_independant_de_la_boucle" time="0.021" /><testcase classname="tests.test_features_detector" name="test_reference_refuse_une_periode_trop_courte" time="0.012" /><testcase classname="tests.test_features_detector" name="test_reference_non_ajustee_refuse_de_predire" time="0.002" /><testcase classname="tests.test_features_detector" name="test_les_trois_references_partagent_la_meme_periode" time="0.001" /><testcase classname="tests.test_features_detector" name="test_la_borne_de_reference_est_definie_a_un_seul_endroit" time="0.097" /><testcase classname="tests.test_features_detector" name="test_rho_cp_reste_proche_de_l_ancienne_constante_figee" time="0.002" /><testcase classname="tests.test_features_detector" name="test_residus_centres_sur_la_periode_de_reference" time="0.008" /><testcase classname="tests.test_features_detector" name="test_situation_nominale_ne_declenche_rien" time="0.006" /><testcase classname="tests.test_features_detector" name="test_perte_de_controle_critique" time="0.008" /><testcase classname="tests.test_features_detector" name="test_encrassement_annonce_sur_le_coefficient_d_echange" time="0.007" /><testcase classname="tests.test_features_detector" name="test_la_gradation_de_l_encrassement_porte_sur_ua" time="0.011" /><testcase classname="tests.test_features_detector" name="test_le_seuil_de_gradation_est_atteignable_par_les_donnees" time="0.009" /><testcase classname="tests.test_features_detector" name="test_effort_de_regulation_seul_ne_declare_pas_un_encrassement" time="0.007" /><testcase classname="tests.test_features_detector" name="test_sur_refroidissement_est_un_regime_de_conduite" time="0.006" /><testcase classname="tests.test_features_detector" name="test_derive_non_persistante_ignoree" time="0.005" /><testcase classname="tests.test_features_detector" name="test_chute_de_titre_traitee_comme_fuite" time="0.006" /><testcase classname="tests.test_features_detector" name="test_biais_normal_entre_analyseurs_ne_declenche_rien" time="0.005" /><testcase classname="tests.test_features_detector" name="test_derive_du_biais_entre_analyseurs_est_detectee" time="0.007" /><testcase classname="tests.test_features_detector" name="test_conc_min_ne_pretend_plus_etre_une_redondance" time="0.013" /><testcase classname="tests.test_features_detector" name="test_temperature_entree_excessive_lie_a_la_corrosion" time="0.006" /><testcase classname="tests.test_features_detector" name="test_arret_suspend_la_surveillance_de_performance" time="0.004" /><testcase classname="tests.test_features_detector" name="test_detecteur_refuse_trop_peu_dechantillons" time="0.004" /><testcase classname="tests.test_features_detector" name="test_detecteur_non_ajuste_refuse_de_scorer" time="0.003" /><testcase classname="tests.test_features_detector" name="test_scores_bornes" time="0.003" /><testcase classname="tests.test_features_detector" name="test_taux_dalerte_operationnellement_supportable" time="0.003" /><testcase classname="tests.test_features_detector" name="test_agregation_en_episodes" time="0.101" /><testcase classname="tests.test_features_detector" name="test_le_rattachement_ne_cite_que_des_features_du_modele" time="0.002" /><testcase classname="tests.test_features_detector" name="test_attribution_somme_a_quelque_chose_dinterpretable" time="0.146" /><testcase classname="tests.test_features_detector" name="test_reproductibilite" time="2.962" /><testcase classname="tests.test_features_detector" name="test_horodatage_inconnu_leve_une_erreur" time="0.004" /><testcase classname="tests.test_features_detector" name="test_features_modele_non_redondantes" time="0.019" /><testcase classname="tests.test_features_detector" name="test_backtest_temporel_declare_les_limites" time="6.146" /><testcase classname="tests.test_fouling_injection" name="test_injection_rechauffe_l_entree_progressivement" time="0.025" /><testcase classname="tests.test_fouling_injection" name="test_injection_ne_touche_pas_les_arrets" time="0.025" /><testcase classname="tests.test_fouling_injection" name="test_la_degradation_est_monotone" time="0.028" /><testcase classname="tests.test_fouling_injection" name="test_l_injection_demarre_dans_une_fenetre_silencieuse" time="0.433" /><testcase classname="tests.test_fouling_injection" name="test_le_temoin_mesure_les_declenchements_sans_faute" time="0.002" /><testcase classname="tests.test_fouling_injection" name="test_un_encrassement_franc_est_detecte" time="0.002" /><testcase classname="tests.test_fouling_injection" name="test_la_detection_est_tardive_et_le_projet_le_dit" time="0.002" /><testcase classname="tests.test_fouling_injection" name="test_une_perte_plus_forte_est_vue_plus_tot" time="0.001" /><testcase classname="tests.test_fouling_injection" name="test_le_predicat_du_banc_equivaut_a_la_regle" time="0.079" /><testcase classname="tests.test_fouling_injection" name="test_les_limites_sont_declarees" time="0.003" /><testcase classname="tests.test_ingest" name="test_gel_detecte_sur_signal_constant" time="0.007" /><testcase classname="tests.test_ingest" name="test_signal_variable_non_marque" time="0.006" /><testcase classname="tests.test_ingest" name="test_gel_ignore_pendant_un_arret" time="0.007" /><testcase classname="tests.test_ingest" name="test_gel_partiel_compte_seulement_les_heures_en_marche" time="0.005" /><testcase classname="tests.test_ingest" name="test_etat_marche_sur_donnees_nominales" time="0.015" /><testcase classname="tests.test_ingest" name="test_arret_detecte_sur_charge_nulle" time="0.019" /><testcase classname="tests.test_ingest" name="test_transitoire_autour_dun_arret" time="0.018" /><testcase classname="tests.test_ingest" name="test_perimetre_temporel" time="0.001" /><testcase classname="tests.test_ingest" name="test_doublons_horodatage_supprimes" time="0.004" /><testcase classname="tests.test_ingest" name="test_codes_qualite_dcs_captures" time="0.004" /><testcase classname="tests.test_ingest" name="test_capteur_sature_identifie" time="0.006" /><testcase classname="tests.test_ingest" name="test_capteur_fige_identifie" time="0.005" /><testcase classname="tests.test_ingest" name="test_capteurs_degrades_absents_des_lectures" time="0.001" /><testcase classname="tests.test_ingest" name="test_valeurs_invalides_mises_a_nan_et_non_inventees" time="0.004" /><testcase classname="tests.test_ingest" name="test_trous_ordre_et_absences_sont_audites" time="0.003" /><testcase classname="tests.test_ingest" name="test_disponibilite_des_capteurs_du_perimetre" time="0.003" /><testcase classname="tests.test_ingest" name="test_etats_process_tous_presents" time="0.001" /><testcase classname="tests.test_ingest" name="test_fichier_absent_leve_une_erreur" time="0.001" /><testcase classname="tests.test_kpi" name="test_les_indicateurs_sont_tous_produits" time="0.104" /><testcase classname="tests.test_kpi" name="test_le_niveau_de_preuve_est_declare_pour_chaque_indicateur" time="0.005" /><testcase classname="tests.test_kpi" name="test_la_disponibilite_ne_porte_que_sur_le_perimetre" time="0.003" /><testcase classname="tests.test_kpi" name="test_la_charge_d_alertes_est_ramenee_au_mois" time="0.105" /><testcase classname="tests.test_kpi" name="test_la_charge_d_alertes_supporte_l_absence_d_episode" time="0.003" /><testcase classname="tests.test_kpi" name="test_la_stabilite_de_regulation_est_mensuelle" time="0.017" /><testcase classname="tests.test_kpi" name="test_le_sur_refroidissement_exige_une_derive_installee" time="0.004" /><testcase classname="tests.test_kpi" name="test_le_sur_refroidissement_ne_se_presente_plus_en_energie" time="0.003" /><testcase classname="tests.test_kpi" name="test_aucun_indicateur_ne_porte_de_montant" time="0.100" /><testcase classname="tests.test_model_governance" name="test_candidat_est_refuse_meme_si_fichier_lisible" time="0.367" /><testcase classname="tests.test_model_governance" name="test_gates_en_echec_bloquent_un_statut_runtime" time="0.052" /><testcase classname="tests.test_model_governance" name="test_empreinte_modele_et_schema_ordonnee_sont_bloquants" time="0.105" /><testcase classname="tests.test_model_governance" name="test_manifeste_promu_complet_est_autorise" time="0.089" /><testcase classname="tests.test_operator_registry" name="test_registre_vide_au_depart" time="0.008" /><testcase classname="tests.test_operator_registry" name="test_enregistrement_d_un_technicien" time="0.825" /><testcase classname="tests.test_operator_registry" name="test_le_mot_de_passe_n_est_jamais_stocke_en_clair" time="2.289" /><testcase classname="tests.test_operator_registry" name="test_chaque_technicien_a_une_empreinte_distincte" time="1.452" /><testcase classname="tests.test_operator_registry" name="test_mot_de_passe_trop_court_refuse" time="0.009" /><testcase classname="tests.test_operator_registry" name="test_adresse_invalide_refusee" time="0.008" /><testcase classname="tests.test_operator_registry" name="test_role_inconnu_refuse" time="0.008" /><testcase classname="tests.test_operator_registry" name="test_doublon_refuse" time="0.815" /><testcase classname="tests.test_operator_registry" name="test_changement_de_mot_de_passe" time="3.261" /><testcase classname="tests.test_operator_registry" name="test_retrait_d_un_technicien" time="0.846" /><testcase classname="tests.test_operator_registry" name="test_persistance_sur_disque" time="0.812" /><testcase classname="tests.test_operator_registry" name="test_destinataires_d_alerte_selectionnables" time="1.632" /><testcase classname="tests.test_operator_registry" name="test_longueur_minimale_publiee" time="0.002" /><testcase classname="tests.test_operator_registry" name="test_le_chargement_refuse_un_role_inconnu" time="0.831" /><testcase classname="tests.test_operator_registry" name="test_le_chargement_refuse_une_empreinte_absente" time="0.011" /><testcase classname="tests.test_operator_registry" name="test_le_chargement_refuse_une_adresse_malformee" time="0.775" /><testcase classname="tests.test_operator_registry" name="test_le_registre_n_est_lisible_que_par_son_proprietaire" time="0.011"><skipped type="pytest.skip" message="droits POSIX indisponibles">C:\dev\ocp-bionic-judge\tests\test_operator_registry.py:207: droits POSIX indisponibles</skipped></testcase><testcase classname="tests.test_operator_registry" name="test_connexion_avec_le_bon_mot_de_passe" time="2.369" /><testcase classname="tests.test_operator_registry" name="test_le_mot_de_passe_d_un_autre_technicien_ne_marche_pas" time="2.356" /><testcase classname="tests.test_operator_registry" name="test_mot_de_passe_vide_refuse" time="2.429" /><testcase classname="tests.test_operator_registry" name="test_adresse_inconnue_refusee" time="3.169" /><testcase classname="tests.test_operator_registry" name="test_les_roles_viennent_du_registre" time="2.410" /><testcase classname="tests.test_operator_registry" name="test_limitation_des_tentatives" time="5.435" /><testcase classname="tests.test_operator_registry" name="test_journal_d_audit_nomme_le_technicien" time="2.988" /><testcase classname="tests.test_operator_registry" name="test_mode_partage_historique_reste_supporte" time="2.359" /><testcase classname="tests.test_operator_registry" name="test_la_limite_de_tentatives_tient_sous_concurrence" time="2.533" /><testcase classname="tests.test_operator_registry" name="test_les_compteurs_et_sessions_perimes_sont_liberes" time="32.258" /><testcase classname="tests.test_project_metrics" name="test_project_metrics_restent_coherentes_avec_les_artefacts" time="0.011"><failure message="AssertionError">tests\test_project_metrics.py:52: in test_project_metrics_restent_coherentes_avec_les_artefacts
    assert metrics["tests"]["failures"] == metrics["tests"]["errors"] == 0
E   AssertionError</failure></testcase><testcase classname="tests.test_project_metrics" name="test_les_artefacts_ne_portent_pas_de_chemin_absolu" time="0.006" /><testcase classname="tests.test_project_metrics" name="test_le_rapport_technique_cite_les_artefacts" time="0.076" /><testcase classname="tests.test_redaction_gouvernance" name="test_le_rapport_ne_divulgue_aucun_chemin_absolu" time="0.003" /><testcase classname="tests.test_redaction_gouvernance" name="test_les_nombres_sont_ecrits_en_francais" time="0.003" /><testcase classname="tests.test_redaction_gouvernance" name="test_le_verdict_du_controleur_ouvre_le_rapport" time="0.002" /><testcase classname="tests.test_redaction_gouvernance" name="test_les_identifiants_internes_sont_traduits" time="0.002" /><testcase classname="tests.test_redaction_gouvernance" name="test_le_rapport_rappelle_ce_qu_il_n_affirme_pas" time="0.002" /><testcase classname="tests.test_redaction_gouvernance" name="test_un_payload_ampute_ne_fait_pas_echouer_l_envoi" time="0.002" /><testcase classname="tests.test_sensitivity" name="test_les_parametres_arbitraires_sont_declares" time="9.354" /><testcase classname="tests.test_sensitivity" name="test_la_contamination_pilote_bien_le_volume" time="0.001" /><testcase classname="tests.test_sensitivity" name="test_le_taux_reel_depasse_la_cible_de_facon_stable" time="0.002" /><testcase classname="tests.test_sensitivity" name="test_la_periode_de_reference_change_la_conclusion" time="0.002" /><testcase classname="tests.test_sensitivity" name="test_une_reference_plus_tardive_normalise_la_derive" time="0.001" /><testcase classname="tests.test_sensitivity" name="test_le_rapport_est_serialisable" time="0.002" /><testcase classname="tests.test_sensitivity" name="test_analyse_de_contamination_isolee" time="3.491" /><testcase classname="tests.test_sensitivity" name="test_analyse_de_periode_isolee" time="0.385" /><testcase classname="tests.test_service_invariants" name="test_aucun_handler_calculant_ne_reste_sur_la_boucle_d_evenements" time="0.034" /><testcase classname="tests.test_service_invariants" name="test_tout_handler_asynchrone_attend_reellement" time="0.032" /><testcase classname="tests.test_service_invariants" name="test_les_en_tetes_de_securite_sont_poses_en_un_seul_endroit" time="0.041" /><testcase classname="tests.test_service_invariants" name="test_la_configuration_est_validee_avant_tout_effet_de_bord" time="0.002" /><testcase classname="tests.test_service_invariants" name="test_le_client_du_modele_de_langage_a_un_delai_maximal" time="0.021" /><testcase classname="tests.test_service_invariants" name="test_le_pas_d_allegement_n_entre_pas_dans_la_vitesse_de_rejeu" time="0.010" /><testcase classname="tests.test_service_invariants" name="test_le_mode_synchrone_respecte_les_instants_incontournables" time="0.010" /><testcase classname="tests.test_service_invariants" name="test_le_reentrainement_invalide_le_cache_de_scores" time="0.035" /><testcase classname="tests.test_service_invariants" name="test_la_mise_en_forme_des_durees_est_centralisee" time="0.003" /><testcase classname="tests.test_service_invariants" name="test_aucun_outil_de_qualite_declare_n_est_inerte" time="0.003" /><testcase classname="tests.test_service_invariants" name="test_les_bancs_du_poste_sont_executes_par_l_integration_continue" time="0.002" /><testcase classname="tests.test_service_invariants" name="test_chaque_action_operateur_porte_un_libelle_de_journal" time="0.011" /><testcase classname="tests.test_topology" name="test_chaque_capteur_situe_existe_dans_le_registre" time="0.002" /><testcase classname="tests.test_topology" name="test_les_douze_tags_dcs_sont_tous_situes" time="0.001" /><testcase classname="tests.test_topology" name="test_chaque_piece_cite_des_modes_amdec_existants" time="0.001" /><testcase classname="tests.test_topology" name="test_le_rattachement_des_codes_ne_cite_rien_d_inconnu" time="0.001" /><testcase classname="tests.test_topology" name="test_une_chute_de_titre_designe_le_faisceau_et_les_plaques" time="0.001" /><testcase classname="tests.test_topology" name="test_une_perte_de_regulation_designe_la_sortie_acide" time="0.001" /><testcase classname="tests.test_topology" name="test_un_code_inconnu_ne_designe_aucune_piece" time="0.001" /><testcase classname="tests.test_topology" name="test_tous_les_codes_du_detecteur_sont_couverts" time="0.003" /><testcase classname="tests.test_topology" name="test_les_pieces_non_instrumentees_sont_declarees" time="0.001" /><testcase classname="tests.test_topology" name="test_la_topologie_exposee_est_complete" time="0.001" /><testcase classname="tests.test_typographie" name="test_le_referentiel_amdec_affiche_est_accentue" time="0.096" /><testcase classname="tests.test_typographie" name="test_le_plan_preventif_affiche_est_accentue" time="0.098" /><testcase classname="tests.test_typographie" name="test_les_indicateurs_affiches_sont_accentues" time="0.116" /><testcase classname="tests.test_typographie" name="test_les_messages_de_detection_sont_accentues" time="0.454" /><testcase classname="tests.test_typographie" name="test_les_controles_du_juge_sont_accentues" time="0.314" /><testcase classname="tests.test_typographie" name="test_le_banc_d_encrassement_est_redige_en_francais" time="0.438" /><testcase classname="tests.test_typographie" name="test_l_analyse_de_sensibilite_est_redigee_en_francais" time="0.003" /><testcase classname="tests.test_typographie" name="test_le_backtest_est_redige_en_francais" time="8.279" /><testcase classname="tests.test_typographie" name="test_le_canal_d_escalade_est_redige_en_francais[None]" time="0.002" /><testcase classname="tests.test_typographie" name="test_le_canal_d_escalade_est_redige_en_francais[smtp.interne.test]" time="0.004" /><testcase classname="tests.test_typographie" name="test_aucun_point_decimal_dans_les_textes_affiches" time="0.117" /><testcase classname="tests.test_typographie" name="test_le_detecteur_de_fautes_fonctionne[Temperature de sortie acide-True]" time="0.002" /><testcase classname="tests.test_typographie" name="test_le_detecteur_de_fautes_fonctionne[Temp\xe9rature de sortie acide-False]" time="0.002" /><testcase classname="tests.test_typographie" name="test_le_detecteur_de_fautes_fonctionne[Le systeme n'a rien detecte-True]" time="0.002" /><testcase classname="tests.test_typographie" name="test_le_detecteur_de_fautes_fonctionne[Le syst\xe8me n'a rien d\xe9tect\xe9-False]" time="0.002" /><testcase classname="tests.test_typographie" name="test_le_detecteur_de_fautes_fonctionne[UA, NTU et Isolation Forest-False]" time="0.001" /><testcase classname="tests.test_workflows" name="test_workflow_persistant_et_historique_immuable" time="0.087" /><testcase classname="tests.test_workflows" name="test_etape_dangereuse_bloquee_et_version_optimiste" time="0.048" /><testcase classname="tests.test_workflows" name="test_cloture_exige_toutes_les_etapes_et_signature" time="0.066" /></testsuite></testsuites>